

================================================================
== Vitis HLS Report for 'push_tensor1d_1_Pipeline_VITIS_LOOP_12_1'
================================================================
* Date:           Wed Oct  1 20:49:59 2025

* Version:        2025.1 (Build 6135595 on May 21 2025)
* Project:        ffn_prj
* Solution:       solution1 (Vivado IP Flow Target)
* Product family: versalhbm
* Target device:  xcv80-lsva4737-2MHP-e-S


================================================================
== Performance Estimates
================================================================
+ Timing: 
    * Summary: 
    +--------+---------+----------+------------+
    |  Clock |  Target | Estimated| Uncertainty|
    +--------+---------+----------+------------+
    |ap_clk  |  4.00 ns|  2.844 ns|     1.08 ns|
    +--------+---------+----------+------------+

+ Latency: 
    * Summary: 
    +---------+---------+----------+----------+-----+-----+------------------------------------------------+
    |  Latency (cycles) |  Latency (absolute) |  Interval |                    Pipeline                    |
    |   min   |   max   |    min   |    max   | min | max |                      Type                      |
    +---------+---------+----------+----------+-----+-----+------------------------------------------------+
    |      770|      770|  3.080 us|  3.080 us|  769|  769|  loop auto-rewind stp (delay=0 clock cycles(s))|
    +---------+---------+----------+----------+-----+-----+------------------------------------------------+

    + Detail: 
        * Instance: 
        N/A

        * Loop: 
        +-------------------+---------+---------+----------+-----------+-----------+------+----------+
        |                   |  Latency (cycles) | Iteration|  Initiation Interval  | Trip |          |
        |     Loop Name     |   min   |   max   |  Latency |  achieved |   target  | Count| Pipelined|
        +-------------------+---------+---------+----------+-----------+-----------+------+----------+
        |- VITIS_LOOP_12_1  |      768|      768|         2|          1|          1|   768|       yes|
        +-------------------+---------+---------+----------+-----------+-----------+------+----------+

============================================================
+ Verbose Summary: Synthesis Manager
============================================================
InlineROM: 1
ExposeGlobal: 0
============================================================
+ Verbose Summary: CDFG Model
============================================================
IsTopModel: 0
ResetActiveHigh: 1
IsCombinational: 0
IsDatapathOnly: 0
HasWiredReturn: 1
HasMFsm: 2
HasVarLatency: 1
IsPipeline: 0
IsRtlPipelined: 0
IsInstanceOverlapped: 0
IsDontTouch: 0
HasImplIP: 0
IsGatedGlobalClock: 0

+ Individual pipeline summary: 
  * Pipeline-0: initiation interval (II) = 1, depth = 2


============================================================
+ Verbose Summary: Schedule
============================================================
* Number of FSM states : 2
* Pipeline : 1
  Pipeline-0 : II = 1, D = 2, States = { 1 2 }
* Dataflow Pipeline: 0

* FSM state transitions: 
1 --> 2 
2 --> 

* FSM state operations: 

State 1 <SV = 0> <Delay = 1.50>
ST_1 : Operation 5 [1/1] (0.00ns)   --->   "%i = alloca i32 1" [kernel_FFN.cpp:12]   --->   Operation 5 'alloca' 'i' <Predicate = true> <Delay = 0.00>
ST_1 : Operation 6 [1/1] (0.00ns)   --->   "%sext_ln12_read = read i62 @_ssdm_op_Read.ap_auto.i62, i62 %sext_ln12"   --->   Operation 6 'read' 'sext_ln12_read' <Predicate = true> <Delay = 0.00>
ST_1 : Operation 7 [1/1] (0.00ns)   --->   "%sext_ln12_cast = sext i62 %sext_ln12_read"   --->   Operation 7 'sext' 'sext_ln12_cast' <Predicate = true> <Delay = 0.00>
ST_1 : Operation 8 [1/1] (0.00ns)   --->   "%specinterface_ln0 = specinterface void @_ssdm_op_SpecInterface, i32 %gmem, void @empty, i32 0, i32 0, void @empty_12, i32 0, i32 0, void @empty_11, void @empty_10, void @empty_12, i32 16, i32 16, i32 16, i32 16, void @empty_12, void @empty_12, i32 4294967295, i32 0, i32 0"   --->   Operation 8 'specinterface' 'specinterface_ln0' <Predicate = true> <Delay = 0.00>
ST_1 : Operation 9 [1/1] (0.00ns)   --->   "%specinterface_ln0 = specinterface void @_ssdm_op_SpecInterface, i32 %x_strm, void @empty_16, i32 0, i32 0, void @empty_12, i32 0, i32 0, void @empty_12, void @empty_12, void @empty_12, i32 0, i32 0, i32 0, i32 0, void @empty_12, void @empty_12, i32 4294967295, i32 0, i32 0"   --->   Operation 9 'specinterface' 'specinterface_ln0' <Predicate = true> <Delay = 0.00>
ST_1 : Operation 10 [1/1] (0.39ns)   --->   "%store_ln12 = store i10 0, i10 %i" [kernel_FFN.cpp:12]   --->   Operation 10 'store' 'store_ln12' <Predicate = true> <Delay = 0.39>
ST_1 : Operation 11 [1/1] (0.00ns)   --->   "%br_ln0 = br void %for.inc"   --->   Operation 11 'br' 'br_ln0' <Predicate = true> <Delay = 0.00>
ST_1 : Operation 12 [1/1] (0.00ns)   --->   "%i_2 = load i10 %i" [kernel_FFN.cpp:12]   --->   Operation 12 'load' 'i_2' <Predicate = true> <Delay = 0.00>
ST_1 : Operation 13 [1/1] (0.71ns)   --->   "%add_ln12 = add i10 %i_2, i10 1" [kernel_FFN.cpp:12]   --->   Operation 13 'add' 'add_ln12' <Predicate = true> <Delay = 0.71> <CoreInst = "Adder">   --->   Core 1 'Adder' <Latency = 0> <II = 1> <Delay = 0.71> <FuncUnit> <Opcode : 'add' 'sub'> <InPorts = 2> <OutPorts = 1>
ST_1 : Operation 14 [1/1] (0.60ns)   --->   "%icmp_ln12 = icmp_eq  i10 %i_2, i10 768" [kernel_FFN.cpp:12]   --->   Operation 14 'icmp' 'icmp_ln12' <Predicate = true> <Delay = 0.60> <CoreInst = "ICmp_EQ">   --->   Core 156 'ICmp_EQ' <Latency = 0> <II = 1> <Delay = 0.60> <FuncUnit> <Opcode : 'seteq' 'setne'> <InPorts = 2> <OutPorts = 1>
ST_1 : Operation 15 [1/1] (0.00ns)   --->   "%br_ln12 = br i1 %icmp_ln12, void %for.inc.split, void %for.end.exitStub" [kernel_FFN.cpp:12]   --->   Operation 15 'br' 'br_ln12' <Predicate = true> <Delay = 0.00>
ST_1 : Operation 16 [1/1] (0.39ns)   --->   "%store_ln12 = store i10 %add_ln12, i10 %i" [kernel_FFN.cpp:12]   --->   Operation 16 'store' 'store_ln12' <Predicate = (!icmp_ln12)> <Delay = 0.39>
ST_1 : Operation 26 [1/1] (0.28ns)   --->   "%ret_ln0 = ret"   --->   Operation 26 'ret' 'ret_ln0' <Predicate = (icmp_ln12)> <Delay = 0.28>

State 2 <SV = 1> <Delay = 2.84>
ST_2 : Operation 17 [1/1] (0.00ns)   --->   "%gmem_addr = getelementptr i32 %gmem, i64 %sext_ln12_cast" [kernel_FFN.cpp:12]   --->   Operation 17 'getelementptr' 'gmem_addr' <Predicate = true> <Delay = 0.00>
ST_2 : Operation 18 [1/1] (0.00ns)   --->   "%specpipeline_ln13 = specpipeline void @_ssdm_op_SpecPipeline, i32 1, i32 0, i32 0, i32 0, void @empty_12" [kernel_FFN.cpp:13]   --->   Operation 18 'specpipeline' 'specpipeline_ln13' <Predicate = true> <Delay = 0.00>
ST_2 : Operation 19 [1/1] (0.00ns)   --->   "%speclooptripcount_ln12 = speclooptripcount void @_ssdm_op_SpecLoopTripCount, i64 768, i64 768, i64 768" [kernel_FFN.cpp:12]   --->   Operation 19 'speclooptripcount' 'speclooptripcount_ln12' <Predicate = true> <Delay = 0.00>
ST_2 : Operation 20 [1/1] (0.00ns)   --->   "%specloopname_ln12 = specloopname void @_ssdm_op_SpecLoopName, void @empty_18" [kernel_FFN.cpp:12]   --->   Operation 20 'specloopname' 'specloopname_ln12' <Predicate = true> <Delay = 0.00>
ST_2 : Operation 21 [1/1] (0.54ns) (share mux size 5)   --->   "%muxLogicAXIMCE_to_gmem_addr_read = muxlogic"   --->   Operation 21 'muxlogic' 'muxLogicAXIMCE_to_gmem_addr_read' <Predicate = true> <Delay = 0.54>
ST_2 : Operation 22 [1/1] (1.03ns) (share mux size 5)   --->   "%gmem_addr_read = read i32 @_ssdm_op_Read.m_axi.p1i32, i32 %gmem_addr" [kernel_FFN.cpp:14]   --->   Operation 22 'read' 'gmem_addr_read' <Predicate = true> <Delay = 1.03> <CoreInst = "m_axi">   --->   Core 123 'm_axi' <Latency = 0> <II = 1> <Delay = 1.56> <Adapter> <Opcode : 'read' 'write' 'readreq' 'writereq' 'writeresp'>
ST_2 : Operation 23 [1/1] (0.28ns) (share mux size 2)   --->   "%muxLogicFIFOData_to_write_ln14 = muxlogic i32 %gmem_addr_read"   --->   Operation 23 'muxlogic' 'muxLogicFIFOData_to_write_ln14' <Predicate = true> <Delay = 0.28>
ST_2 : Operation 24 [1/1] ( I:0.98ns O:0.98ns ) (share mux size 2)   --->   "%write_ln14 = write void @_ssdm_op_Write.ap_fifo.volatile.i32P0A, i32 %x_strm, i32 %gmem_addr_read" [kernel_FFN.cpp:14]   --->   Operation 24 'write' 'write_ln14' <Predicate = true> <Delay = 0.98> <CoreInst = "FIFO">   --->   Core 81 'FIFO' <Latency = 0> <II = 1> <Delay = 0.98> <Storage> <Opcode : 'read' 'write' 'nbread' 'nbwrite'> <Ports = 0> <Width = 32> <Depth = 64> <FIFO>
ST_2 : Operation 25 [1/1] (0.00ns)   --->   "%br_ln12 = br void %for.inc" [kernel_FFN.cpp:12]   --->   Operation 25 'br' 'br_ln12' <Predicate = true> <Delay = 0.00>


============================================================
+ Verbose Summary: Timing violations
============================================================
Target clock period: 4.000ns, clock uncertainty: 1.080ns.

 <State 1>: 1.503ns
The critical path consists of the following:
	'store' operation 0 bit ('store_ln12', kernel_FFN.cpp:12) of constant 0 on local variable 'i', kernel_FFN.cpp:12 [9]  (0.393 ns)
	'load' operation 10 bit ('i', kernel_FFN.cpp:12) on local variable 'i', kernel_FFN.cpp:12 [12]  (0.000 ns)
	'add' operation 10 bit ('add_ln12', kernel_FFN.cpp:12) [13]  (0.717 ns)
	'store' operation 0 bit ('store_ln12', kernel_FFN.cpp:12) of variable 'add_ln12', kernel_FFN.cpp:12 on local variable 'i', kernel_FFN.cpp:12 [25]  (0.393 ns)

 <State 2>: 2.844ns
The critical path consists of the following:
	'muxlogic' operation 32 bit ('muxLogicAXIMCE_to_gmem_addr_read') [21]  (0.540 ns)
	bus read operation ('gmem_addr_read', kernel_FFN.cpp:14) on port 'gmem' (kernel_FFN.cpp:14) [22]  (1.033 ns)
	'muxlogic' operation 0 bit ('muxLogicFIFOData_to_write_ln14') [23]  (0.284 ns)
	fifo write operation ('write_ln14', kernel_FFN.cpp:14) on port 'x_strm' (kernel_FFN.cpp:14) [24]  (0.987 ns)


============================================================
+ Verbose Summary: Binding
============================================================
N/A
* FSMD analyzer results:
  - Output states:
 - Input state : 
  - Chain level:
	State 1
	State 2


============================================================
+ Verbose Summary: Datapath Resource usage 
============================================================
N/A
