

================================================================
== Vitis HLS Report for 'kernel_mhsa_1_Block_entry_current_token_fb_proc_Pipeline_XB_INIT'
================================================================
* Date:           Thu Oct  2 22:23:21 2025

* Version:        2025.1 (Build 6135595 on May 21 2025)
* Project:        llama_layer_prj
* Solution:       solution1 (Vivado IP Flow Target)
* Product family: versalhbm
* Target device:  xcv80-lsva4737-2MHP-e-S


================================================================
== Performance Estimates
================================================================
+ Timing: 
    * Summary: 
    +--------+---------+----------+------------+
    |  Clock |  Target | Estimated| Uncertainty|
    +--------+---------+----------+------------+
    |ap_clk  |  4.00 ns|  2.049 ns|     1.08 ns|
    +--------+---------+----------+------------+

+ Latency: 
    * Summary: 
    +---------+---------+----------+----------+-----+-----+------------------------------------------------+
    |  Latency (cycles) |  Latency (absolute) |  Interval |                    Pipeline                    |
    |   min   |   max   |    min   |    max   | min | max |                      Type                      |
    +---------+---------+----------+----------+-----+-----+------------------------------------------------+
    |      770|      770|  3.080 us|  3.080 us|  769|  769|  loop auto-rewind stp (delay=0 clock cycles(s))|
    +---------+---------+----------+----------+-----+-----+------------------------------------------------+

    + Detail: 
        * Instance: 
        N/A

        * Loop: 
        +-----------+---------+---------+----------+-----------+-----------+------+----------+
        |           |  Latency (cycles) | Iteration|  Initiation Interval  | Trip |          |
        | Loop Name |   min   |   max   |  Latency |  achieved |   target  | Count| Pipelined|
        +-----------+---------+---------+----------+-----------+-----------+------+----------+
        |- XB_INIT  |      768|      768|         1|          1|          1|   768|       yes|
        +-----------+---------+---------+----------+-----------+-----------+------+----------+



================================================================
== Utilization Estimates
================================================================
* Summary: 
+---------------------+---------+-------+---------+---------+------+
|         Name        | BRAM_18K|  DSP  |    FF   |   LUT   | URAM |
+---------------------+---------+-------+---------+---------+------+
|DSP                  |        -|      -|        -|        -|     -|
|Expression           |        -|      -|        0|       14|     -|
|FIFO                 |        -|      -|        -|        -|     -|
|Instance             |        -|      -|        -|        -|     -|
|Memory               |        -|      -|        -|        -|     -|
|Multiplexer          |        -|      -|        0|       33|     -|
|Register             |        -|      -|       12|        -|     -|
+---------------------+---------+-------+---------+---------+------+
|Total                |        0|      0|       12|       47|     0|
+---------------------+---------+-------+---------+---------+------+
|Available SLR        |     2494|   3616|  1716138|   858069|   641|
+---------------------+---------+-------+---------+---------+------+
|Utilization SLR (%)  |        0|      0|       ~0|       ~0|     0|
+---------------------+---------+-------+---------+---------+------+
|Available            |     7482|  10848|  5148416|  2574208|  1925|
+---------------------+---------+-------+---------+---------+------+
|Utilization (%)      |        0|      0|       ~0|       ~0|     0|
+---------------------+---------+-------+---------+---------+------+

+ Detail: 
    * Instance: 
    N/A

    * DSP: 
    N/A

    * Memory: 
    N/A

    * FIFO: 
    N/A

    * Expression: 
    +----------------------+----------+----+---+----+------------+------------+
    |     Variable Name    | Operation| DSP| FF| LUT| Bitwidth P0| Bitwidth P1|
    +----------------------+----------+----+---+----+------------+------------+
    |add_ln116_fu_406_p2   |         +|   0|  0|  10|          10|           1|
    |icmp_ln116_fu_412_p2  |      icmp|   0|  0|   4|          10|          10|
    +----------------------+----------+----+---+----+------------+------------+
    |Total                 |          |   0|  0|  14|          20|          11|
    +----------------------+----------+----+---+----+------------+------------+

    * Multiplexer: 
    +--------------------+----+-----------+-----+-----------+
    |        Name        | LUT| Input Size| Bits| Total Bits|
    +--------------------+----+-----------+-----+-----------+
    |ap_done_int         |   1|          2|    1|          2|
    |ap_sig_allocacmp_i  |  16|          2|   10|         20|
    |i_14_fu_102         |  16|          2|   10|         20|
    +--------------------+----+-----------+-----+-----------+
    |Total               |  33|          6|   21|         42|
    +--------------------+----+-----------+-----+-----------+

    * Register: 
    +-------------+----+----+-----+-----------+
    |     Name    | FF | LUT| Bits| Const Bits|
    +-------------+----+----+-----+-----------+
    |ap_CS_fsm    |   1|   0|    1|          0|
    |ap_done_reg  |   1|   0|    1|          0|
    |i_14_fu_102  |  10|   0|   10|          0|
    +-------------+----+----+-----+-----------+
    |Total        |  12|   0|   12|          0|
    +-------------+----+----+-----+-----------+



================================================================
== Interface
================================================================
* Summary: 
+----------------+-----+-----+------------+------------------------------------------------------------------+--------------+
|    RTL Ports   | Dir | Bits|  Protocol  |                           Source Object                          |    C Type    |
+----------------+-----+-----+------------+------------------------------------------------------------------+--------------+
|ap_clk          |   in|    1|  ap_ctrl_hs|  kernel_mhsa.1_Block_entry_current_token_fb_proc_Pipeline_XB_INIT|  return value|
|ap_rst          |   in|    1|  ap_ctrl_hs|  kernel_mhsa.1_Block_entry_current_token_fb_proc_Pipeline_XB_INIT|  return value|
|ap_start        |   in|    1|  ap_ctrl_hs|  kernel_mhsa.1_Block_entry_current_token_fb_proc_Pipeline_XB_INIT|  return value|
|ap_done         |  out|    1|  ap_ctrl_hs|  kernel_mhsa.1_Block_entry_current_token_fb_proc_Pipeline_XB_INIT|  return value|
|ap_idle         |  out|    1|  ap_ctrl_hs|  kernel_mhsa.1_Block_entry_current_token_fb_proc_Pipeline_XB_INIT|  return value|
|ap_ready        |  out|    1|  ap_ctrl_hs|  kernel_mhsa.1_Block_entry_current_token_fb_proc_Pipeline_XB_INIT|  return value|
|xb_15_address1  |  out|    6|   ap_memory|                                                             xb_15|         array|
|xb_15_ce1       |  out|    1|   ap_memory|                                                             xb_15|         array|
|xb_15_we1       |  out|    1|   ap_memory|                                                             xb_15|         array|
|xb_15_d1        |  out|   32|   ap_memory|                                                             xb_15|         array|
|xb_14_address1  |  out|    6|   ap_memory|                                                             xb_14|         array|
|xb_14_ce1       |  out|    1|   ap_memory|                                                             xb_14|         array|
|xb_14_we1       |  out|    1|   ap_memory|                                                             xb_14|         array|
|xb_14_d1        |  out|   32|   ap_memory|                                                             xb_14|         array|
|xb_13_address1  |  out|    6|   ap_memory|                                                             xb_13|         array|
|xb_13_ce1       |  out|    1|   ap_memory|                                                             xb_13|         array|
|xb_13_we1       |  out|    1|   ap_memory|                                                             xb_13|         array|
|xb_13_d1        |  out|   32|   ap_memory|                                                             xb_13|         array|
|xb_12_address1  |  out|    6|   ap_memory|                                                             xb_12|         array|
|xb_12_ce1       |  out|    1|   ap_memory|                                                             xb_12|         array|
|xb_12_we1       |  out|    1|   ap_memory|                                                             xb_12|         array|
|xb_12_d1        |  out|   32|   ap_memory|                                                             xb_12|         array|
|xb_11_address1  |  out|    6|   ap_memory|                                                             xb_11|         array|
|xb_11_ce1       |  out|    1|   ap_memory|                                                             xb_11|         array|
|xb_11_we1       |  out|    1|   ap_memory|                                                             xb_11|         array|
|xb_11_d1        |  out|   32|   ap_memory|                                                             xb_11|         array|
|xb_10_address1  |  out|    6|   ap_memory|                                                             xb_10|         array|
|xb_10_ce1       |  out|    1|   ap_memory|                                                             xb_10|         array|
|xb_10_we1       |  out|    1|   ap_memory|                                                             xb_10|         array|
|xb_10_d1        |  out|   32|   ap_memory|                                                             xb_10|         array|
|xb_9_address1   |  out|    6|   ap_memory|                                                              xb_9|         array|
|xb_9_ce1        |  out|    1|   ap_memory|                                                              xb_9|         array|
|xb_9_we1        |  out|    1|   ap_memory|                                                              xb_9|         array|
|xb_9_d1         |  out|   32|   ap_memory|                                                              xb_9|         array|
|xb_8_address1   |  out|    6|   ap_memory|                                                              xb_8|         array|
|xb_8_ce1        |  out|    1|   ap_memory|                                                              xb_8|         array|
|xb_8_we1        |  out|    1|   ap_memory|                                                              xb_8|         array|
|xb_8_d1         |  out|   32|   ap_memory|                                                              xb_8|         array|
|xb_7_address1   |  out|    6|   ap_memory|                                                              xb_7|         array|
|xb_7_ce1        |  out|    1|   ap_memory|                                                              xb_7|         array|
|xb_7_we1        |  out|    1|   ap_memory|                                                              xb_7|         array|
|xb_7_d1         |  out|   32|   ap_memory|                                                              xb_7|         array|
|xb_6_address1   |  out|    6|   ap_memory|                                                              xb_6|         array|
|xb_6_ce1        |  out|    1|   ap_memory|                                                              xb_6|         array|
|xb_6_we1        |  out|    1|   ap_memory|                                                              xb_6|         array|
|xb_6_d1         |  out|   32|   ap_memory|                                                              xb_6|         array|
|xb_5_address1   |  out|    6|   ap_memory|                                                              xb_5|         array|
|xb_5_ce1        |  out|    1|   ap_memory|                                                              xb_5|         array|
|xb_5_we1        |  out|    1|   ap_memory|                                                              xb_5|         array|
|xb_5_d1         |  out|   32|   ap_memory|                                                              xb_5|         array|
|xb_4_address1   |  out|    6|   ap_memory|                                                              xb_4|         array|
|xb_4_ce1        |  out|    1|   ap_memory|                                                              xb_4|         array|
|xb_4_we1        |  out|    1|   ap_memory|                                                              xb_4|         array|
|xb_4_d1         |  out|   32|   ap_memory|                                                              xb_4|         array|
|xb_3_address1   |  out|    6|   ap_memory|                                                              xb_3|         array|
|xb_3_ce1        |  out|    1|   ap_memory|                                                              xb_3|         array|
|xb_3_we1        |  out|    1|   ap_memory|                                                              xb_3|         array|
|xb_3_d1         |  out|   32|   ap_memory|                                                              xb_3|         array|
|xb_2_address1   |  out|    6|   ap_memory|                                                              xb_2|         array|
|xb_2_ce1        |  out|    1|   ap_memory|                                                              xb_2|         array|
|xb_2_we1        |  out|    1|   ap_memory|                                                              xb_2|         array|
|xb_2_d1         |  out|   32|   ap_memory|                                                              xb_2|         array|
|xb_1_address1   |  out|    6|   ap_memory|                                                              xb_1|         array|
|xb_1_ce1        |  out|    1|   ap_memory|                                                              xb_1|         array|
|xb_1_we1        |  out|    1|   ap_memory|                                                              xb_1|         array|
|xb_1_d1         |  out|   32|   ap_memory|                                                              xb_1|         array|
|xb_0_address1   |  out|    6|   ap_memory|                                                              xb_0|         array|
|xb_0_ce1        |  out|    1|   ap_memory|                                                              xb_0|         array|
|xb_0_we1        |  out|    1|   ap_memory|                                                              xb_0|         array|
|xb_0_d1         |  out|   32|   ap_memory|                                                              xb_0|         array|
+----------------+-----+-----+------------+------------------------------------------------------------------+--------------+

