================================================================
== Design Size Report
================================================================

* Total Instructions per Compilation Phase
+---------------+-----------------------------+--------------+----------------------------------------------------------------------------------------+
| Phase         | Step                        | Instructions | Description                                                                            |
+---------------+-----------------------------+--------------+----------------------------------------------------------------------------------------+
| Compile/Link  |                             | 60,208       | After all functions are compiled and linked into a single design                       |
|               |                             |              |                                                                                        |
| Unroll/Inline |                             |              | After user unroll and inline pragmas are applied                                       |
|               | (1) unroll                  |  8,755       | user unroll pragmas are applied                                                        |
|               | (2) simplification          |  5,518       | simplification of applied user unroll pragmas                                          |
|               | (3) inline                  |  4,764       | user inline pragmas are applied                                                        |
|               | (4) simplification          |  3,708       | simplification of applied user inline pragmas                                          |
|               |                             |              |                                                                                        |
| Array/Struct  |                             |              | After user array partition and struct aggregate/disaggregate pragmas are applied       |
|               | (1) array partition         |  9,721       | user array partition pragmas are applied                                               |
|               | (2) simplification          |  6,476       | simplification of applied user array partition & struct aggregate/disaggregate pragmas |
|               | (3) aggregate/disaggregate  |  6,476       | user struct aggregate/disaggregate pragmas are applied                                 |
|               | (4) array reshape           |  6,477       | apply array reshape pragmas                                                            |
|               | (5) access patterns         |  6,729       | array access pattern optmizations                                                      |
|               |                             |              |                                                                                        |
| Performance   |                             |              | After transformations are applied to meet performance pragma targets                   |
|               | (1) loop simplification     |  6,666       | loop and instruction simplification                                                    |
|               | (2) parallelization         |  6,345       | loops are unrolled or pipelined to meet performance targets                            |
|               | (3) array partition         |  6,281       | arrays are partitioned to meet performance targets                                     |
|               | (4) simplification          |  6,281       | simplification of design after performance transformations                             |
|               |                             |              |                                                                                        |
| HW Transforms |                             |              | After hardware transfomations                                                          |
|               | (1) lowering                |  6,630       | initial conversion to HW specific instructions                                         |
|               | (2) optimizations           |  7,203       | high level synthesis optimizations                                                     |
+---------------+-----------------------------+--------------+----------------------------------------------------------------------------------------+

* Instructions per Function for each Compilation Phase
+-----------------------------------------+-------------------------+------------------+-----------------+-----------------+-----------------+-----------------+
| Function                                | Location                | Compile/Link     | Unroll/Inline   | Array/Struct    | Performance     | HW Transforms   |
+-----------------------------------------+-------------------------+------------------+-----------------+-----------------+-----------------+-----------------+
| + kernel_mhsa                           | kernel_MHSA.cpp:7       | 60,208           | 3,708           | 6,729           | 6,281           | 7,203           |
|  + matmul                               | kernel_MatMul.cpp:85    | 1,032 (4 calls)  | 1,340 (4 calls) | 2,013 (4 calls) | 1,949 (4 calls) |  672            |
|     load_vec                            | kernel_MatMul.cpp:11    |   128 (4 calls)  |   84 (4 calls)  |  117 (4 calls)  |  117 (4 calls)  |   63            |
|     load_mat_burst                      | kernel_MatMul.cpp:22    |   152 (4 calls)  |  424 (4 calls)  |  424 (4 calls)  |  424 (4 calls)  |  179            |
|     compute_vec_mat                     | kernel_MatMul.cpp:36    |   524 (4 calls)  |  748 (4 calls)  | 1,120 (4 calls) | 1,056 (4 calls) |  330            |
|  + RoPE                                 | kernel_Rope.cpp:3       | 58,688 (2 calls) | 1,232 (2 calls) | 1,340 (2 calls) | 1,142 (2 calls) | 1,154 (2 calls) |
|   + powf                                | powfloat.cpp:10         | 37,316 (2 calls) |                 |                 |                 |                 |
|    + pow                                | powfloat.cpp:6          | 37,312 (2 calls) |                 |                 |                 |                 |
|     + pow_generic<float>                | hls_pow.h:291           | 37,308 (2 calls) |                 |                 |                 |                 |
|        fp_struct                        | x_hls_utils.h:283       | 1,272 (4 calls)  |                 |                 |                 |                 |
|        fp_struct                        | x_hls_utils.h:281       |     8 (2 calls)  |                 |                 |                 |                 |
|        expv                             | x_hls_utils.h:316       |   436 (4 calls)  |                 |                 |                 |                 |
|      + generic_isinf<float>             | hls_isinf.h:16          | 1,552 (4 calls)  |                 |                 |                 |                 |
|         fp_struct                       | x_hls_utils.h:283       | 1,272 (4 calls)  |                 |                 |                 |                 |
|      + generic_isnan<float>             | hls_isnan.h:16          | 1,556 (4 calls)  |                 |                 |                 |                 |
|         fp_struct                       | x_hls_utils.h:283       | 1,272 (4 calls)  |                 |                 |                 |                 |
|      + log_range_reduction<39>          | hls_pow.h:130           | 8,798 (2 calls)  |                 |                 |                 |                 |
|         log_range_reduce<ap_fixed<65... | hls_pow.h:30            | 2,530 (2 calls)  |                 |                 |                 |                 |
|         log_range_reduce<ap_fixed<65... | hls_pow.h:30            | 2,484 (2 calls)  |                 |                 |                 |                 |
|         log_range_reduce<ap_fixed<65... | hls_pow.h:30            | 2,480 (2 calls)  |                 |                 |                 |                 |
|        exp_Z1P_m_1                      | hls_pow.h:156           |   720 (2 calls)  |                 |                 |                 |                 |
|      + to_ieee                          | x_hls_utils.h:346       | 5,454 (18 calls) |                 |                 |                 |                 |
|       + to_float                        | x_hls_utils.h:322       | 5,418 (18 calls) |                 |                 |                 |                 |
|          data                           | x_hls_utils.h:309       | 5,022 (18 calls) |                 |                 |                 |                 |
|   + sincosf                             | sincoshotbmfloat.cpp:47 | 21,252 (2 calls) |                 |                 |                 |                 |
|    + sincos                             | sincoshotbmfloat.cpp:15 | 21,248 (2 calls) |                 |                 |                 |                 |
|     + generic_sincos<float>             | hls_hotbm.h:129         | 21,244 (2 calls) |                 |                 |                 |                 |
|        fp_struct                        | x_hls_utils.h:283       | 1,908 (6 calls)  |                 |                 |                 |                 |
|      + range_redux_payne_hanek_hotb...  | hls_range_redux.h:431   | 4,284 (2 calls)  |                 |                 |                 |                 |
|         fp_struct                       | x_hls_utils.h:283       |   636 (2 calls)  |                 |                 |                 |                 |
|         expv                            | x_hls_utils.h:316       |   218 (2 calls)  |                 |                 |                 |                 |
|         table_lookup_4oPi_hotbm<23, ... | hls_range_redux.h:373   |   528 (2 calls)  |                 |                 |                 |                 |
|         clz<29, 58, 0>                  | hls_normalize.h:69      |   328 (2 calls)  |                 |                 |                 |                 |
|        sincos_approximation<29, 29>...  | hls_hotbm_float.cpp:51  | 5,218 (2 calls)  |                 |                 |                 |                 |
|      + scaled_fixed2ieee<29, 1>         | x_hls_float_utils.h:256 | 5,928 (4 calls)  |                 |                 |                 |                 |
|         fp_struct                       | x_hls_utils.h:281       |    16 (4 calls)  |                 |                 |                 |                 |
|         clz                             | hls_normalize.h:79      |   116 (4 calls)  |                 |                 |                 |                 |
|         set_mantissa                    | x_hls_utils.h:336       |   444 (4 calls)  |                 |                 |                 |                 |
|       + to_ieee                         | x_hls_utils.h:346       | 1,212 (4 calls)  |                 |                 |                 |                 |
|        + to_float                       | x_hls_utils.h:322       | 1,204 (4 calls)  |                 |                 |                 |                 |
|           data                          | x_hls_utils.h:309       | 1,116 (4 calls)  |                 |                 |                 |                 |
|      + to_ieee                          | x_hls_utils.h:346       | 2,424 (8 calls)  |                 |                 |                 |                 |
|       + to_float                        | x_hls_utils.h:322       | 2,408 (8 calls)  |                 |                 |                 |                 |
|          data                           | x_hls_utils.h:309       | 2,232 (8 calls)  |                 |                 |                 |                 |
|   + pow_generic<float>                  | hls_pow.h:291           |                  |  548 (2 calls)  |  548 (2 calls)  |  424 (2 calls)  |  426 (2 calls)  |
|      to_ieee                            | x_hls_utils.h:346       |                  |  144 (16 calls) |  144 (16 calls) |   80 (16 calls) |   80 (16 calls) |
|   + generic_sincos<float>               | hls_hotbm.h:129         |                  |  604 (2 calls)  |  592 (2 calls)  |                 |                 |
|      scaled_fixed2ieee<29, 1>           | x_hls_float_utils.h:256 |                  |  168 (4 calls)  |  168 (4 calls)  |                 |                 |
|    sqrtf                                | sqrtfloat.cpp:11        |     2            |                 |                 |                 |                 |
|    kernel_softmax                       | kernel_Softmax.cpp:2    |    83            |   60            |  744 (12 calls) |  732 (12 calls) |                 |
+-----------------------------------------+-------------------------+------------------+-----------------+-----------------+-----------------+-----------------+

* Design Size Message Settings
+---------------------------------------------+--------+------------------------------------------------------------------+
| Message Setting                             | Value  | Description                                                      |
+---------------------------------------------+--------+------------------------------------------------------------------+
| config_compile -design_size_maximum_warning | 100000 | Show a warning when total design instructions exceeds this value |
+---------------------------------------------+--------+------------------------------------------------------------------+


