

================================================================
== Vitis HLS Report for 'pow_generic_float_s'
================================================================
* Date:           Sat Sep 27 23:15:32 2025

* Version:        2025.1 (Build 6135595 on May 21 2025)
* Project:        mhsa_prj
* Solution:       solution1 (Vivado IP Flow Target)
* Product family: versalhbm
* Target device:  xcv80-lsva4737-2MHP-e-S


================================================================
== Performance Estimates
================================================================
+ Timing: 
    * Summary: 
    +--------+---------+----------+------------+
    |  Clock |  Target | Estimated| Uncertainty|
    +--------+---------+----------+------------+
    |ap_clk  |  4.00 ns|  2.624 ns|     1.08 ns|
    +--------+---------+----------+------------+

+ Latency: 
    * Summary: 
    +---------+---------+-----------+-----------+-----+-----+---------+
    |  Latency (cycles) |   Latency (absolute)  |  Interval | Pipeline|
    |   min   |   max   |    min    |    max    | min | max |   Type  |
    +---------+---------+-----------+-----------+-----+-----+---------+
    |       11|       11|  44.000 ns|  44.000 ns|    1|    1|      yes|
    +---------+---------+-----------+-----------+-----+-----+---------+

    + Detail: 
        * Instance: 
        N/A

        * Loop: 
        N/A



================================================================
== Utilization Estimates
================================================================
* Summary: 
+---------------------+---------+-------+---------+---------+------+
|         Name        | BRAM_18K|  DSP  |    FF   |   LUT   | URAM |
+---------------------+---------+-------+---------+---------+------+
|DSP                  |        -|      2|        -|        -|     -|
|Expression           |        -|      -|        0|     2003|     -|
|FIFO                 |        -|      -|        -|        -|     -|
|Instance             |        -|      4|        0|       65|     -|
|Memory               |        1|      -|        8|        5|     -|
|Multiplexer          |        -|      -|        -|        -|     -|
|Register             |        -|      -|      474|       38|     -|
+---------------------+---------+-------+---------+---------+------+
|Total                |        1|      6|      482|     2111|     0|
+---------------------+---------+-------+---------+---------+------+
|Available SLR        |     2494|   3616|  1716138|   858069|   641|
+---------------------+---------+-------+---------+---------+------+
|Utilization SLR (%)  |       ~0|     ~0|       ~0|       ~0|     0|
+---------------------+---------+-------+---------+---------+------+
|Available            |     7482|  10848|  5148416|  2574208|  1925|
+---------------------+---------+-------+---------+---------+------+
|Utilization (%)      |       ~0|     ~0|       ~0|       ~0|     0|
+---------------------+---------+-------+---------+---------+------+

+ Detail: 
    * Instance: 
    +----------------------------+-----------------------+---------+----+---+----+-----+
    |          Instance          |         Module        | BRAM_18K| DSP| FF| LUT| URAM|
    +----------------------------+-----------------------+---------+----+---+----+-----+
    |mul_10s_36s_36_1_1_U308     |mul_10s_36s_36_1_1     |        0|   2|  0|   0|    0|
    |mul_25s_39ns_63_1_1_U309    |mul_25s_39ns_63_1_1    |        0|   2|  0|   0|    0|
    |sparsemux_11_4_32_1_1_U310  |sparsemux_11_4_32_1_1  |        0|   0|  0|  65|    0|
    +----------------------------+-----------------------+---------+----+---+----+-----+
    |Total                       |                       |        0|   4|  0|  65|    0|
    +----------------------------+-----------------------+---------+----+---+----+-----+

    * DSP: 
    +---------------------------------------+----------------------------------+--------------+
    |                Instance               |              Module              |  Expression  |
    +---------------------------------------+----------------------------------+--------------+
    |mac_muladd_13s_12ns_16s_25_4_1_U311    |mac_muladd_13s_12ns_16s_25_4_1    |  i0 * i1 + i2|
    |mac_muladd_18ns_18ns_44ns_44_4_1_U312  |mac_muladd_18ns_18ns_44ns_44_4_1  |  i0 + i1 * i2|
    +---------------------------------------+----------------------------------+--------------+

    * Memory: 
    +---------------------------------------------------------------+----------------------------------------------------------------------------------+---------+---+----+-----+------+-----+------+-------------+
    |                             Memory                            |                                      Module                                      | BRAM_18K| FF| LUT| URAM| Words| Bits| Banks| W*Bits*Banks|
    +---------------------------------------------------------------+----------------------------------------------------------------------------------+---------+---+----+-----+------+-----+------+-------------+
    |pow_reduce_anonymous_namespace_table_exp_Z1_ap_ufixed_array_U  |pow_generic_float_s_pow_reduce_anonymous_namespace_table_exp_Z1_ap_ufixed_arrfYi  |        1|  0|   0|    0|   512|   27|     1|        13824|
    |pow_reduce_anonymous_namespace_table_f_Z2_ap_ufixed_array_U    |pow_generic_float_s_pow_reduce_anonymous_namespace_table_f_Z2_ap_ufixed_arrayg8j  |        0|  8|   5|    0|    32|    8|     1|          256|
    +---------------------------------------------------------------+----------------------------------------------------------------------------------+---------+---+----+-----+------+-----+------+-------------+
    |Total                                                          |                                                                                  |        1|  8|   5|    0|   544|   35|     2|        14080|
    +---------------------------------------------------------------+----------------------------------------------------------------------------------+---------+---+----+-----+------+-----+------+-------------+

    * FIFO: 
    N/A

    * Expression: 
    +--------------------------+----------+----+---+-----+------------+------------+
    |       Variable Name      | Operation| DSP| FF| LUT | Bitwidth P0| Bitwidth P1|
    +--------------------------+----------+----+---+-----+------------+------------+
    |add_ln160_fu_664_p2       |         +|   0|  0|   19|          19|          19|
    |add_ln563_1_fu_567_p2     |         +|   0|  0|   10|          10|           1|
    |add_ln616_fu_706_p2       |         +|   0|  0|   27|          27|           3|
    |m_exp_fu_277_p2           |         +|   0|  0|    9|           9|           8|
    |out_exp_fu_816_p2         |         +|   0|  0|    8|           8|           7|
    |r_exp_1_fu_719_p2         |         +|   0|  0|   10|          10|           2|
    |e_frac_1_fu_260_p2        |         -|   0|  0|   25|           1|          25|
    |sub_ln545_fu_333_p2       |         -|   0|  0|    8|           7|           8|
    |sub_ln574_fu_611_p2       |         -|   0|  0|   27|          27|          27|
    |and_ln431_1_fu_849_p2     |       and|   0|  0|    2|           1|           1|
    |and_ln431_fu_843_p2       |       and|   0|  0|    2|           1|           1|
    |and_ln438_1_fu_870_p2     |       and|   0|  0|    2|           1|           1|
    |and_ln438_2_fu_876_p2     |       and|   0|  0|    2|           1|           1|
    |and_ln438_fu_736_p2       |       and|   0|  0|    2|           1|           1|
    |and_ln628_1_fu_882_p2     |       and|   0|  0|    2|           1|           1|
    |and_ln628_fu_753_p2       |       and|   0|  0|    2|           1|           1|
    |and_ln645_1_fu_906_p2     |       and|   0|  0|    2|           1|           1|
    |and_ln645_fu_900_p2       |       and|   0|  0|    2|           1|           1|
    |y_is_NaN_fu_302_p2        |       and|   0|  0|    2|           1|           1|
    |y_is_inf_fu_297_p2        |       and|   0|  0|    2|           1|           1|
    |ashr_ln545_fu_374_p2      |      ashr|   0|  0|  192|          67|          67|
    |ashr_ln546_fu_513_p2      |      ashr|   0|  0|  188|          66|          66|
    |ashr_ln553_fu_429_p2      |      ashr|   0|  0|  192|          67|          67|
    |icmp_ln18_1_fu_236_p2     |      icmp|   0|  0|    9|          23|           1|
    |icmp_ln18_2_fu_242_p2     |      icmp|   0|  0|    9|          23|           1|
    |icmp_ln18_fu_292_p2       |      icmp|   0|  0|    3|           8|           2|
    |icmp_ln563_fu_561_p2      |      icmp|   0|  0|    6|          15|           1|
    |icmp_ln628_1_fu_525_p2    |      icmp|   0|  0|   33|          66|          66|
    |icmp_ln628_2_fu_767_p2    |      icmp|   0|  0|    3|           3|           1|
    |icmp_ln628_fu_497_p2      |      icmp|   0|  0|    5|           9|           1|
    |icmp_ln645_fu_894_p2      |      icmp|   0|  0|    6|          10|           8|
    |y_is_0_fu_287_p2          |      icmp|   0|  0|    3|           8|           1|
    |or_ln378_fu_307_p2        |        or|   0|  0|    2|           1|           1|
    |or_ln431_fu_859_p2        |        or|   0|  0|    2|           1|           1|
    |or_ln628_fu_773_p2        |        or|   0|  0|    2|           1|           1|
    |UnifiedRetVal_fu_923_p2   |    select|   0|  0|   28|           1|          30|
    |UnifiedRetVal_fu_923_p6   |    select|   0|  0|   28|           1|           1|
    |e_frac_2_fu_266_p3        |    select|   0|  0|   23|           1|          25|
    |m_fix_back_fu_518_p3      |    select|   0|  0|   65|           1|          66|
    |m_fix_l_fu_394_p3         |    select|   0|  0|   65|           1|          66|
    |out_sig_fu_804_p3         |    select|   0|  0|   21|           1|          23|
    |r_exp_2_fu_747_p3         |    select|   0|  0|   10|           1|          10|
    |r_exp_fu_581_p3           |    select|   0|  0|   10|           1|          10|
    |select_ln545_fu_360_p3    |    select|   0|  0|    9|           1|           9|
    |select_ln553_1_fu_435_p3  |    select|   0|  0|   66|           1|          67|
    |select_ln553_2_fu_442_p3  |    select|   0|  0|   66|           1|          67|
    |select_ln553_fu_410_p3    |    select|   0|  0|    8|           1|           8|
    |select_ln563_fu_573_p3    |    select|   0|  0|   10|           1|          10|
    |shl_ln545_fu_380_p2       |       shl|   0|  0|  192|          67|          67|
    |shl_ln546_fu_508_p2       |       shl|   0|  0|  188|          66|          66|
    |shl_ln552_fu_404_p2       |       shl|   0|  0|  192|          67|          67|
    |shl_ln553_fu_423_p2       |       shl|   0|  0|  192|          67|          67|
    |xor_ln378_fu_838_p2       |       xor|   0|  0|    2|           1|           2|
    |xor_ln413_fu_731_p2       |       xor|   0|  0|    2|           1|           2|
    |xor_ln431_fu_854_p2       |       xor|   0|  0|    2|           1|           2|
    |xor_ln438_fu_864_p2       |       xor|   0|  0|    2|           2|           1|
    |xor_ln628_fu_888_p2       |       xor|   0|  0|    2|           1|           2|
    +--------------------------+----------+----+---+-----+------------+------------+
    |Total                     |          |   0|  0| 2003|         783|        1064|
    +--------------------------+----------+----+---+-----+------------+------------+

    * Multiplexer: 
    N/A

    * Register: 
    +---------------------------------+----+----+-----+-----------+
    |               Name              | FF | LUT| Bits| Const Bits|
    +---------------------------------+----+----+-----+-----------+
    |e_frac_2_reg_998                 |  25|   0|   25|          0|
    |es_exp_reg_980                   |   8|   0|    8|          0|
    |es_sign_reg_973                  |   1|   0|    1|          0|
    |exp_Z1_reg_1132                  |  27|   0|   27|          0|
    |exp_Z1_reg_1132_pp0_iter9_reg    |  27|   0|   27|          0|
    |exp_int_reg                      |  32|   0|   32|          0|
    |icmp_ln18_1_reg_988              |   1|   0|    1|          0|
    |icmp_ln18_2_reg_993              |   1|   0|    1|          0|
    |icmp_ln628_1_reg_1095            |   1|   0|    1|          0|
    |icmp_ln628_reg_1090              |   1|   0|    1|          0|
    |m_diff_lo_reg_1117               |  18|   0|   18|          0|
    |m_exp_reg_1003                   |   9|   0|    9|          0|
    |m_fix_a_reg_1112                 |  27|   0|   27|          0|
    |m_fix_l_reg_1069                 |  66|   0|   66|          0|
    |m_fix_reg_1075                   |  27|   0|   27|          0|
    |m_frac_l_reg_1033                |  63|   0|   63|          0|
    |m_frac_l_reg_1033_pp0_iter2_reg  |  63|   0|   63|          0|
    |or_ln378_reg_1027                |   1|   0|    1|          0|
    |r_exp_1_reg_1152                 |  10|   0|   10|          0|
    |r_exp_reg_1105                   |  10|   0|   10|          0|
    |sext_ln545_1_reg_1064            |  32|   0|   32|          0|
    |sub_ln545_reg_1047               |   8|   0|    8|          0|
    |tmp_1_reg_1053                   |   1|   0|    1|          0|
    |tmp_2_reg_1080                   |   1|   0|    1|          0|
    |tmp_2_reg_1080_pp0_iter3_reg     |   1|   0|    1|          0|
    |tmp_8_reg_1059                   |   1|   0|    1|          0|
    |tmp_reg_1039                     |   1|   0|    1|          0|
    |tmp_reg_1039_pp0_iter2_reg       |   1|   0|    1|          0|
    |trunc_ln306_reg_1009             |   8|   0|    8|          0|
    |y_is_0_reg_1015                  |   1|   0|    1|          0|
    |y_is_inf_reg_1020                |   1|   0|    1|          0|
    |es_sign_reg_973                  |   0|   2|    1|          0|
    |icmp_ln628_1_reg_1095            |   0|   2|    1|          0|
    |icmp_ln628_reg_1090              |   0|   2|    1|          0|
    |m_fix_reg_1075                   |   0|  16|   27|          0|
    |or_ln378_reg_1027                |   0|   2|    1|          0|
    |r_exp_reg_1105                   |   0|   8|   10|          0|
    |tmp_8_reg_1059                   |   0|   2|    1|          0|
    |y_is_0_reg_1015                  |   0|   2|    1|          0|
    |y_is_inf_reg_1020                |   0|   2|    1|          0|
    +---------------------------------+----+----+-----+-----------+
    |Total                            | 474|  38|  518|          0|
    +---------------------------------+----+----+-----+-----------+



================================================================
== Interface
================================================================
* Summary: 
+-----------+-----+-----+------------+--------------------+--------------+
| RTL Ports | Dir | Bits|  Protocol  |    Source Object   |    C Type    |
+-----------+-----+-----+------------+--------------------+--------------+
|ap_clk     |   in|    1|  ap_ctrl_hs|  pow_generic<float>|  return value|
|ap_rst     |   in|    1|  ap_ctrl_hs|  pow_generic<float>|  return value|
|ap_return  |  out|   32|  ap_ctrl_hs|  pow_generic<float>|  return value|
|exp        |   in|   32|     ap_none|                 exp|        scalar|
+-----------+-----+-----+------------+--------------------+--------------+

